Archive member included to satisfy reference by file (symbol)

C:/ST/STM32CubeCLT_1.16.0/GNU-tools-for-STM32/bin/../lib/gcc/arm-none-eabi/12.3.1/../../../../arm-none-eabi/lib/thumb/v7e-m+fp/hard\libc_nano.a(libc_a-exit.o)
                              C:/ST/STM32CubeCLT_1.16.0/GNU-tools-for-STM32/bin/../lib/gcc/arm-none-eabi/12.3.1/../../../../arm-none-eabi/lib/thumb/v7e-m+fp/hard/crt0.o (exit)
C:/ST/STM32CubeCLT_1.16.0/GNU-tools-for-STM32/bin/../lib/gcc/arm-none-eabi/12.3.1/../../../../arm-none-eabi/lib/thumb/v7e-m+fp/hard\libc_nano.a(libc_a-findfp.o)
                              C:/ST/STM32CubeCLT_1.16.0/GNU-tools-for-STM32/bin/../lib/gcc/arm-none-eabi/12.3.1/../../../../arm-none-eabi/lib/thumb/v7e-m+fp/hard\libc_nano.a(libc_a-exit.o) (__stdio_exit_handler)
C:/ST/STM32CubeCLT_1.16.0/GNU-tools-for-STM32/bin/../lib/gcc/arm-none-eabi/12.3.1/../../../../arm-none-eabi/lib/thumb/v7e-m+fp/hard\libc_nano.a(libc_a-fwalk.o)
                              C:/ST/STM32CubeCLT_1.16.0/GNU-tools-for-STM32/bin/../lib/gcc/arm-none-eabi/12.3.1/../../../../arm-none-eabi/lib/thumb/v7e-m+fp/hard\libc_nano.a(libc_a-findfp.o) (_fwalk_sglue)
C:/ST/STM32CubeCLT_1.16.0/GNU-tools-for-STM32/bin/../lib/gcc/arm-none-eabi/12.3.1/../../../../arm-none-eabi/lib/thumb/v7e-m+fp/hard\libc_nano.a(libc_a-stdio.o)
                              C:/ST/STM32CubeCLT_1.16.0/GNU-tools-for-STM32/bin/../lib/gcc/arm-none-eabi/12.3.1/../../../../arm-none-eabi/lib/thumb/v7e-m+fp/hard\libc_nano.a(libc_a-findfp.o) (__sread)
C:/ST/STM32CubeCLT_1.16.0/GNU-tools-for-STM32/bin/../lib/gcc/arm-none-eabi/12.3.1/../../../../arm-none-eabi/lib/thumb/v7e-m+fp/hard\libc_nano.a(libc_a-memset.o)
                              C:/ST/STM32CubeCLT_1.16.0/GNU-tools-for-STM32/bin/../lib/gcc/arm-none-eabi/12.3.1/../../../../arm-none-eabi/lib/thumb/v7e-m+fp/hard/crt0.o (memset)
C:/ST/STM32CubeCLT_1.16.0/GNU-tools-for-STM32/bin/../lib/gcc/arm-none-eabi/12.3.1/../../../../arm-none-eabi/lib/thumb/v7e-m+fp/hard\libc_nano.a(libc_a-closer.o)
                              C:/ST/STM32CubeCLT_1.16.0/GNU-tools-for-STM32/bin/../lib/gcc/arm-none-eabi/12.3.1/../../../../arm-none-eabi/lib/thumb/v7e-m+fp/hard\libc_nano.a(libc_a-stdio.o) (_close_r)
C:/ST/STM32CubeCLT_1.16.0/GNU-tools-for-STM32/bin/../lib/gcc/arm-none-eabi/12.3.1/../../../../arm-none-eabi/lib/thumb/v7e-m+fp/hard\libc_nano.a(libc_a-reent.o)
                              C:/ST/STM32CubeCLT_1.16.0/GNU-tools-for-STM32/bin/../lib/gcc/arm-none-eabi/12.3.1/../../../../arm-none-eabi/lib/thumb/v7e-m+fp/hard\libc_nano.a(libc_a-closer.o) (errno)
C:/ST/STM32CubeCLT_1.16.0/GNU-tools-for-STM32/bin/../lib/gcc/arm-none-eabi/12.3.1/../../../../arm-none-eabi/lib/thumb/v7e-m+fp/hard\libc_nano.a(libc_a-impure.o)
                              C:/ST/STM32CubeCLT_1.16.0/GNU-tools-for-STM32/bin/../lib/gcc/arm-none-eabi/12.3.1/../../../../arm-none-eabi/lib/thumb/v7e-m+fp/hard\libc_nano.a(libc_a-reent.o) (_impure_ptr)
C:/ST/STM32CubeCLT_1.16.0/GNU-tools-for-STM32/bin/../lib/gcc/arm-none-eabi/12.3.1/../../../../arm-none-eabi/lib/thumb/v7e-m+fp/hard\libc_nano.a(libc_a-lseekr.o)
                              C:/ST/STM32CubeCLT_1.16.0/GNU-tools-for-STM32/bin/../lib/gcc/arm-none-eabi/12.3.1/../../../../arm-none-eabi/lib/thumb/v7e-m+fp/hard\libc_nano.a(libc_a-stdio.o) (_lseek_r)
C:/ST/STM32CubeCLT_1.16.0/GNU-tools-for-STM32/bin/../lib/gcc/arm-none-eabi/12.3.1/../../../../arm-none-eabi/lib/thumb/v7e-m+fp/hard\libc_nano.a(libc_a-readr.o)
                              C:/ST/STM32CubeCLT_1.16.0/GNU-tools-for-STM32/bin/../lib/gcc/arm-none-eabi/12.3.1/../../../../arm-none-eabi/lib/thumb/v7e-m+fp/hard\libc_nano.a(libc_a-stdio.o) (_read_r)
C:/ST/STM32CubeCLT_1.16.0/GNU-tools-for-STM32/bin/../lib/gcc/arm-none-eabi/12.3.1/../../../../arm-none-eabi/lib/thumb/v7e-m+fp/hard\libc_nano.a(libc_a-writer.o)
                              C:/ST/STM32CubeCLT_1.16.0/GNU-tools-for-STM32/bin/../lib/gcc/arm-none-eabi/12.3.1/../../../../arm-none-eabi/lib/thumb/v7e-m+fp/hard\libc_nano.a(libc_a-stdio.o) (_write_r)
C:/ST/STM32CubeCLT_1.16.0/GNU-tools-for-STM32/bin/../lib/gcc/arm-none-eabi/12.3.1/../../../../arm-none-eabi/lib/thumb/v7e-m+fp/hard\libc_nano.a(libc_a-init.o)
                              C:/ST/STM32CubeCLT_1.16.0/GNU-tools-for-STM32/bin/../lib/gcc/arm-none-eabi/12.3.1/../../../../arm-none-eabi/lib/thumb/v7e-m+fp/hard/crt0.o (__libc_init_array)
C:/ST/STM32CubeCLT_1.16.0/GNU-tools-for-STM32/bin/../lib/gcc/arm-none-eabi/12.3.1/../../../../arm-none-eabi/lib/thumb/v7e-m+fp/hard\libc_nano.a(libc_a-lock.o)
                              C:/ST/STM32CubeCLT_1.16.0/GNU-tools-for-STM32/bin/../lib/gcc/arm-none-eabi/12.3.1/../../../../arm-none-eabi/lib/thumb/v7e-m+fp/hard\libc_nano.a(libc_a-findfp.o) (__retarget_lock_init_recursive)
C:/ST/STM32CubeCLT_1.16.0/GNU-tools-for-STM32/bin/../lib/gcc/arm-none-eabi/12.3.1/../../../../arm-none-eabi/lib/thumb/v7e-m+fp/hard\libc_nano.a(libc_a-freer.o)
[...]
Memory Configuration

Name             Origin             Length             Attributes
RAM              0x20000000         0x00020000         xrw
FLASH            0x08000000         0x00080000         xr
*default*        0x00000000         0xffffffff

Linker script and memory map

LOAD C:/ST/STM32CubeCLT_1.16.0/GNU-tools-for-STM32/bin/../lib/gcc/arm-none-eabi/12.3.1/thumb/v7e-m+fp/hard/crti.o
LOAD C:/ST/STM32CubeCLT_1.16.0/GNU-tools-for-STM32/bin/../lib/gcc/arm-none-eabi/12.3.1/thumb/v7e-m+fp/hard/crtbegin.o
LOAD C:/ST/STM32CubeCLT_1.16.0/GNU-tools-for-STM32/bin/../lib/gcc/arm-none-eabi/12.3.1/../../../../arm-none-eabi/lib/thumb/v7e-m+fp/hard/crt0.o
START GROUP
LOAD C:/ST/STM32CubeCLT_1.16.0/GNU-tools-for-STM32/bin/../lib/gcc/arm-none-eabi/12.3.1/../../../../arm-none-eabi/lib/thumb/v7e-m+fp/hard\libc_nano.a
LOAD C:/ST/STM32CubeCLT_1.16.0/GNU-tools-for-STM32/bin/../lib/gcc/arm-none-eabi/12.3.1/../../../../arm-none-eabi/lib/thumb/v7e-m+fp/hard\libm.a
END GROUP
LOAD CMakeFiles/LAB04TIMER.dir/Core/Src/main.c.obj
LOAD CMakeFiles/LAB04TIMER.dir/Core/Src/stm32f4xx_it.c.obj
LOAD CMakeFiles/LAB04TIMER.dir/Core/Src/stm32f4xx_hal_msp.c.obj
LOAD CMakeFiles/LAB04TIMER.dir/Drivers/STM32F4xx_HAL_Driver/Src/stm32f4xx_hal_tim.c.obj
LOAD CMakeFiles/LAB04TIMER.dir/Drivers/STM32F4xx_HAL_Driver/Src/stm32f4xx_hal_tim_ex.c.obj
LOAD CMakeFiles/LAB04TIMER.dir/Drivers/STM32F4xx_HAL_Driver/Src/stm32f4xx_hal_rcc.c.obj
LOAD CMakeFiles/LAB04TIMER.dir/Drivers/STM32F4xx_HAL_Driver/Src/stm32f4xx_hal_rcc_ex.c.obj
LOAD CMakeFiles/LAB04TIMER.dir/Drivers/STM32F4xx_HAL_Driver/Src/stm32f4xx_hal_flash.c.obj
LOAD CMakeFiles/LAB04TIMER.dir/Drivers/STM32F4xx_HAL_Driver/Src/stm32f4xx_hal_flash_ex.c.obj
LOAD CMakeFiles/LAB04TIMER.dir/Drivers/STM32F4xx_HAL_Driver/Src/stm32f4xx_hal_flash_ramfunc.c.obj
LOAD CMakeFiles/LAB04TIMER.dir/Drivers/STM32F4xx_HAL_Driver/Src/stm32f4xx_hal_gpio.c.obj
LOAD CMakeFiles/LAB04TIMER.dir/Drivers/STM32F4xx_HAL_Driver/Src/stm32f4xx_hal_dma_ex.c.obj
LOAD CMakeFiles/LAB04TIMER.dir/Drivers/STM32F4xx_HAL_Driver/Src/stm32f4xx_hal_dma.c.obj
LOAD CMakeFiles/LAB04TIMER.dir/Drivers/STM32F4xx_HAL_Driver/Src/stm32f4xx_hal_pwr.c.obj
LOAD CMakeFiles/LAB04TIMER.dir/Drivers/STM32F4xx_HAL_Driver/Src/stm32f4xx_hal_pwr_ex.c.obj
LOAD CMakeFiles/LAB04TIMER.dir/Drivers/STM32F4xx_HAL_Driver/Src/stm32f4xx_hal_cortex.c.obj
LOAD CMakeFiles/LAB04TIMER.dir/Drivers/STM32F4xx_HAL_Driver/Src/stm32f4xx_hal.c.obj
LOAD CMakeFiles/LAB04TIMER.dir/Drivers/STM32F4xx_HAL_Driver/Src/stm32f4xx_hal_exti.c.obj
LOAD CMakeFiles/LAB04TIMER.dir/Core/Src/system_stm32f4xx.c.obj
LOAD CMakeFiles/LAB04TIMER.dir/Core/Src/sysmem.c.obj
LOAD CMakeFiles/LAB04TIMER.dir/Core/Src/syscalls.c.obj
LOAD CMakeFiles/LAB04TIMER.dir/startup_stm32f411xe.s.obj
START GROUP
LOAD C:/ST/STM32CubeCLT_1.16.0/GNU-tools-for-STM32/bin/../lib/gcc/arm-none-eabi/12.3.1/thumb/v7e-m+fp/hard\libgcc.a
LOAD C:/ST/STM32CubeCLT_1.16.0/GNU-tools-for-STM32/bin/../lib/gcc/arm-none-eabi/12.3.1/../../../../arm-none-eabi/lib/thumb/v7e-m+fp/hard\libg_nano.a
LOAD C:/ST/STM32CubeCLT_1.16.0/GNU-tools-for-STM32/bin/../lib/gcc/arm-none-eabi/12.3.1/../../../../arm-none-eabi/lib/thumb/v7e-m+fp/hard\libc_nano.a
END GROUP
START GROUP
LOAD C:/ST/STM32CubeCLT_1.16.0/GNU-tools-for-STM32/bin/../lib/gcc/arm-none-eabi/12.3.1/thumb/v7e-m+fp/hard\libgcc.a
LOAD C:/ST/STM32CubeCLT_1.16.0/GNU-tools-for-STM32/bin/../lib/gcc/arm-none-eabi/12.3.1/../../../../arm-none-eabi/lib/thumb/v7e-m+fp/hard\libc_nano.a
END GROUP
LOAD C:/ST/STM32CubeCLT_1.16.0/GNU-tools-for-STM32/bin/../lib/gcc/arm-none-eabi/12.3.1/thumb/v7e-m+fp/hard/crtend.o
LOAD C:/ST/STM32CubeCLT_1.16.0/GNU-tools-for-STM32/bin/../lib/gcc/arm-none-eabi/12.3.1/thumb/v7e-m+fp/hard/crtn.o
                0x20020000                        _estack = (ORIGIN (RAM) + LENGTH (RAM))
                0x00000200                        _Min_Heap_Size = 0x200
                0x00000400                        _Min_Stack_Size = 0x400

.isr_vector     0x08000000      0x198
                0x08000000                        . = ALIGN (0x4)
 *(.isr_vector)
 .isr_vector    0x08000000      0x198 CMakeFiles/LAB04TIMER.dir/startup_stm32f411xe.s.obj
                0x08000000                g_pfnVectors
                0x08000198                        . = ALIGN (0x4)

.text           0x08000198     0x1e3c
                0x08000198                        . = ALIGN (0x4)
 *(.text)
 .text          0x08000198       0x40 C:/ST/STM32CubeCLT_1.16.0/GNU-tools-for-STM32/bin/../lib/gcc/arm-none-eabi/12.3.1/thumb/v7e-m+fp/hard/crtbegin.o
 .text          0x080001d8       0x30 C:/ST/STM32CubeCLT_1.16.0/GNU-tools-for-STM32/bin/../lib/gcc/arm-none-eabi/12.3.1/thumb/v7e-m+fp/hard\libgcc.a(_aeabi_uldivmod.o)
                0x080001d8                __aeabi_uldivmod
 .text          0x08000208      0x2bc C:/ST/STM32CubeCLT_1.16.0/GNU-tools-for-STM32/bin/../lib/gcc/arm-none-eabi/12.3.1/thumb/v7e-m+fp/hard\libgcc.a(_udivmoddi4.o)
                0x08000208                __udivmoddi4
 .text          0x080004c4        0x4 C:/ST/STM32CubeCLT_1.16.0/GNU-tools-for-STM32/bin/../lib/gcc/arm-none-eabi/12.3.1/thumb/v7e-m+fp/hard\libgcc.a(_dvmd_tls.o)
                0x080004c4                __aeabi_idiv0
                0x080004c4                __aeabi_ldiv0
 *(.text*)
 .text.memset   0x080004c8       0x10 C:/ST/STM32CubeCLT_1.16.0/GNU-tools-for-STM32/bin/../lib/gcc/arm-none-eabi/12.3.1/../../../../arm-none-eabi/lib/thumb/v7e-m+fp/hard\libc_nano.a(libc_a-memset.o)
                0x080004c8                memset
 .text.__libc_init_array
                0x080004d8       0x48 C:/ST/STM32CubeCLT_1.16.0/GNU-tools-for-STM32/bin/../lib/gcc/arm-none-eabi/12.3.1/../../../../arm-none-eabi/lib/thumb/v7e-m+fp/hard\libc_nano.a(libc_a-init.o)
                0x080004d8                __libc_init_array
 .text.main     0x08000520       0x18 CMakeFiles/LAB04TIMER.dir/Core/Src/main.c.obj
                0x08000520                main
 .text.SystemClock_Config
                0x08000538       0xbc CMakeFiles/LAB04TIMER.dir/Core/Src/main.c.obj
                0x08000538                SystemClock_Config
 .text.MX_TIM2_Init
                0x080005f4       0x9c CMakeFiles/LAB04TIMER.dir/Core/Src/main.c.obj
 .text.MX_GPIO_Init
                0x08000690       0xc0 CMakeFiles/LAB04TIMER.dir/Core/Src/main.c.obj
 .text.Error_Handler
                0x08000750        0xc CMakeFiles/LAB04TIMER.dir/Core/Src/main.c.obj
                0x08000750                Error_Handler
 .text.NMI_Handler
                0x0800075c        0x8 CMakeFiles/LAB04TIMER.dir/Core/Src/stm32f4xx_it.c.obj
                0x0800075c                NMI_Handler
 .text.HardFault_Handler
                0x08000764        0x8 CMakeFiles/LAB04TIMER.dir/Core/Src/stm32f4xx_it.c.obj
                0x08000764                HardFault_Handler
 .text.MemManage_Handler
                0x0800076c        0x8 CMakeFiles/LAB04TIMER.dir/Core/Src/stm32f4xx_it.c.obj
                0x0800076c                MemManage_Handler
 .text.BusFault_Handler
                0x08000774        0x8 CMakeFiles/LAB04TIMER.dir/Core/Src/stm32f4xx_it.c.obj
                0x08000774                BusFault_Handler
 .text.UsageFault_Handler
                0x0800077c        0x8 CMakeFiles/LAB04TIMER.dir/Core/Src/stm32f4xx_it.c.obj
                0x0800077c                UsageFault_Handler
 .text.SVC_Handler
                0x08000784        0xe CMakeFiles/LAB04TIMER.dir/Core/Src/stm32f4xx_it.c.obj
                0x08000784                SVC_Handler
 .text.DebugMon_Handler
                0x08000792        0xe CMakeFiles/LAB04TIMER.dir/Core/Src/stm32f4xx_it.c.obj
                0x08000792                DebugMon_Handler
 .text.PendSV_Handler
                0x080007a0        0xe CMakeFiles/LAB04TIMER.dir/Core/Src/stm32f4xx_it.c.obj
                0x080007a0                PendSV_Handler
 .text.SysTick_Handler
                0x080007ae        0xc CMakeFiles/LAB04TIMER.dir/Core/Src/stm32f4xx_it.c.obj
                0x080007ae                SysTick_Handler
 .text.PVD_IRQHandler
                0x080007ba        0xc CMakeFiles/LAB04TIMER.dir/Core/Src/stm32f4xx_it.c.obj
                0x080007ba                PVD_IRQHandler
 *fill*         0x080007c6        0x2 
 .text.TIM2_IRQHandler
                0x080007c8       0x20 CMakeFiles/LAB04TIMER.dir/Core/Src/stm32f4xx_it.c.obj
                0x080007c8                TIM2_IRQHandler
 .text.HAL_MspInit
                0x080007e8       0x5c CMakeFiles/LAB04TIMER.dir/Core/Src/stm32f4xx_hal_msp.c.obj
                0x080007e8                HAL_MspInit
 .text.HAL_TIM_Base_MspInit
                0x08000844       0x4c CMakeFiles/LAB04TIMER.dir/Core/Src/stm32f4xx_hal_msp.c.obj
                0x08000844                HAL_TIM_Base_MspInit
 .text.HAL_TIM_Base_Init
                0x08000890       0x9e CMakeFiles/LAB04TIMER.dir/Drivers/STM32F4xx_HAL_Driver/Src/stm32f4xx_hal_tim.c.obj
                0x08000890                HAL_TIM_Base_Init
 .text.HAL_TIM_IRQHandler
                0x0800092e      0x1e0 CMakeFiles/LAB04TIMER.dir/Drivers/STM32F4xx_HAL_Driver/Src/stm32f4xx_hal_tim.c.obj
                0x0800092e                HAL_TIM_IRQHandler
 .text.HAL_TIM_ConfigClockSource
                0x08000b0e      0x18e CMakeFiles/LAB04TIMER.dir/Drivers/STM32F4xx_HAL_Driver/Src/stm32f4xx_hal_tim.c.obj
                0x08000b0e                HAL_TIM_ConfigClockSource
 .text.HAL_TIM_PeriodElapsedCallback
                0x08000c9c       0x14 CMakeFiles/LAB04TIMER.dir/Drivers/STM32F4xx_HAL_Driver/Src/stm32f4xx_hal_tim.c.obj
                0x08000c9c                HAL_TIM_PeriodElapsedCallback
 .text.HAL_TIM_OC_DelayElapsedCallback
                0x08000cb0       0x14 CMakeFiles/LAB04TIMER.dir/Drivers/STM32F4xx_HAL_Driver/Src/stm32f4xx_hal_tim.c.obj
                0x08000cb0                HAL_TIM_OC_DelayElapsedCallback
 .text.HAL_TIM_IC_CaptureCallback
                0x08000cc4       0x14 CMakeFiles/LAB04TIMER.dir/Drivers/STM32F4xx_HAL_Driver/Src/stm32f4xx_hal_tim.c.obj
                0x08000cc4                HAL_TIM_IC_CaptureCallback
 .text.HAL_TIM_PWM_PulseFinishedCallback
                0x08000cd8       0x14 CMakeFiles/LAB04TIMER.dir/Drivers/STM32F4xx_HAL_Driver/Src/stm32f4xx_hal_tim.c.obj
                0x08000cd8                HAL_TIM_PWM_PulseFinishedCallback
 .text.HAL_TIM_TriggerCallback
                0x08000cec       0x14 CMakeFiles/LAB04TIMER.dir/Drivers/STM32F4xx_HAL_Driver/Src/stm32f4xx_hal_tim.c.obj
                0x08000cec                HAL_TIM_TriggerCallback
 .text.TIM_Base_SetConfig
                0x08000d00      0x118 CMakeFiles/LAB04TIMER.dir/Drivers/STM32F4xx_HAL_Driver/Src/stm32f4xx_hal_tim.c.obj
                0x08000d00                TIM_Base_SetConfig
 .text.TIM_TI1_ConfigInputStage
                0x08000e18       0x5e CMakeFiles/LAB04TIMER.dir/Drivers/STM32F4xx_HAL_Driver/Src/stm32f4xx_hal_tim.c.obj
 .text.TIM_TI2_ConfigInputStage
                0x08000e76       0x60 CMakeFiles/LAB04TIMER.dir/Drivers/STM32F4xx_HAL_Driver/Src/stm32f4xx_hal_tim.c.obj
 .text.TIM_ITRx_SetConfig
                0x08000ed6       0x36 CMakeFiles/LAB04TIMER.dir/Drivers/STM32F4xx_HAL_Driver/Src/stm32f4xx_hal_tim.c.obj
 .text.TIM_ETR_SetConfig
                0x08000f0c       0x40 CMakeFiles/LAB04TIMER.dir/Drivers/STM32F4xx_HAL_Driver/Src/stm32f4xx_hal_tim.c.obj
                0x08000f0c                TIM_ETR_SetConfig
 .text.HAL_TIMEx_MasterConfigSynchronization
                0x08000f4c       0xdc CMakeFiles/LAB04TIMER.dir/Drivers/STM32F4xx_HAL_Driver/Src/stm32f4xx_hal_tim_ex.c.obj
                0x08000f4c                HAL_TIMEx_MasterConfigSynchronization
 .text.HAL_TIMEx_CommutCallback
                0x08001028       0x14 CMakeFiles/LAB04TIMER.dir/Drivers/STM32F4xx_HAL_Driver/Src/stm32f4xx_hal_tim_ex.c.obj
                0x08001028                HAL_TIMEx_CommutCallback
 .text.HAL_TIMEx_BreakCallback
                0x0800103c       0x14 CMakeFiles/LAB04TIMER.dir/Drivers/STM32F4xx_HAL_Driver/Src/stm32f4xx_hal_tim_ex.c.obj
                0x0800103c                HAL_TIMEx_BreakCallback
 .text.HAL_RCC_OscConfig
                0x08001050      0x4f0 CMakeFiles/LAB04TIMER.dir/Drivers/STM32F4xx_HAL_Driver/Src/stm32f4xx_hal_rcc.c.obj
                0x08001050                HAL_RCC_OscConfig
 .text.HAL_RCC_ClockConfig
                0x08001540      0x1cc CMakeFiles/LAB04TIMER.dir/Drivers/STM32F4xx_HAL_Driver/Src/stm32f4xx_hal_rcc.c.obj
                0x08001540                HAL_RCC_ClockConfig
 .text.HAL_RCC_GetSysClockFreq
                0x0800170c      0x18c CMakeFiles/LAB04TIMER.dir/Drivers/STM32F4xx_HAL_Driver/Src/stm32f4xx_hal_rcc.c.obj
                0x0800170c                HAL_RCC_GetSysClockFreq
 .text.HAL_GPIO_Init
                0x08001898      0x308 CMakeFiles/LAB04TIMER.dir/Drivers/STM32F4xx_HAL_Driver/Src/stm32f4xx_hal_gpio.c.obj
                0x08001898                HAL_GPIO_Init
 .text.HAL_GPIO_WritePin
                0x08001ba0       0x32 CMakeFiles/LAB04TIMER.dir/Drivers/STM32F4xx_HAL_Driver/Src/stm32f4xx_hal_gpio.c.obj
                0x08001ba0                HAL_GPIO_WritePin
 .text.HAL_GPIO_TogglePin
                0x08001bd2       0x34 CMakeFiles/LAB04TIMER.dir/Drivers/STM32F4xx_HAL_Driver/Src/stm32f4xx_hal_gpio.c.obj
                0x08001bd2                HAL_GPIO_TogglePin
 *fill*         0x08001c06        0x2 
 .text.HAL_PWR_PVD_IRQHandler
                0x08001c08       0x24 CMakeFiles/LAB04TIMER.dir/Drivers/STM32F4xx_HAL_Driver/Src/stm32f4xx_hal_pwr.c.obj
                0x08001c08                HAL_PWR_PVD_IRQHandler
 .text.HAL_PWR_PVDCallback
                0x08001c2c        0xe CMakeFiles/LAB04TIMER.dir/Drivers/STM32F4xx_HAL_Driver/Src/stm32f4xx_hal_pwr.c.obj
                0x08001c2c                HAL_PWR_PVDCallback
 *fill*         0x08001c3a        0x2 
 .text.__NVIC_SetPriorityGrouping
                0x08001c3c       0x48 CMakeFiles/LAB04TIMER.dir/Drivers/STM32F4xx_HAL_Driver/Src/stm32f4xx_hal_cortex.c.obj
 .text.__NVIC_GetPriorityGrouping
                0x08001c84       0x1c CMakeFiles/LAB04TIMER.dir/Drivers/STM32F4xx_HAL_Driver/Src/stm32f4xx_hal_cortex.c.obj
 .text.__NVIC_EnableIRQ
                0x08001ca0       0x3c CMakeFiles/LAB04TIMER.dir/Drivers/STM32F4xx_HAL_Driver/Src/stm32f4xx_hal_cortex.c.obj
 .text.__NVIC_SetPriority
                0x08001cdc       0x54 CMakeFiles/LAB04TIMER.dir/Drivers/STM32F4xx_HAL_Driver/Src/stm32f4xx_hal_cortex.c.obj
 .text.NVIC_EncodePriority
                0x08001d30       0x66 CMakeFiles/LAB04TIMER.dir/Drivers/STM32F4xx_HAL_Driver/Src/stm32f4xx_hal_cortex.c.obj
 *fill*         0x08001d96        0x2 
 .text.SysTick_Config
                0x08001d98       0x44 CMakeFiles/LAB04TIMER.dir/Drivers/STM32F4xx_HAL_Driver/Src/stm32f4xx_hal_cortex.c.obj
 .text.HAL_NVIC_SetPriorityGrouping
                0x08001ddc       0x16 CMakeFiles/LAB04TIMER.dir/Drivers/STM32F4xx_HAL_Driver/Src/stm32f4xx_hal_cortex.c.obj
                0x08001ddc                HAL_NVIC_SetPriorityGrouping
 .text.HAL_NVIC_SetPriority
                0x08001df2       0x38 CMakeFiles/LAB04TIMER.dir/Drivers/STM32F4xx_HAL_Driver/Src/stm32f4xx_hal_cortex.c.obj
                0x08001df2                HAL_NVIC_SetPriority
 .text.HAL_NVIC_EnableIRQ
                0x08001e2a       0x1c CMakeFiles/LAB04TIMER.dir/Drivers/STM32F4xx_HAL_Driver/Src/stm32f4xx_hal_cortex.c.obj
                0x08001e2a                HAL_NVIC_EnableIRQ
 .text.HAL_SYSTICK_Config
                0x08001e46       0x18 CMakeFiles/LAB04TIMER.dir/Drivers/STM32F4xx_HAL_Driver/Src/stm32f4xx_hal_cortex.c.obj
                0x08001e46                HAL_SYSTICK_Config
 *fill*         0x08001e5e        0x2 
 .text.HAL_Init
                0x08001e60       0x44 CMakeFiles/LAB04TIMER.dir/Drivers/STM32F4xx_HAL_Driver/Src/stm32f4xx_hal.c.obj
                0x08001e60                HAL_Init
 .text.HAL_InitTick
                0x08001ea4       0x60 CMakeFiles/LAB04TIMER.dir/Drivers/STM32F4xx_HAL_Driver/Src/stm32f4xx_hal.c.obj
                0x08001ea4                HAL_InitTick
 .text.HAL_IncTick
                0x08001f04       0x28 CMakeFiles/LAB04TIMER.dir/Drivers/STM32F4xx_HAL_Driver/Src/stm32f4xx_hal.c.obj
                0x08001f04                HAL_IncTick
 .text.HAL_GetTick
                0x08001f2c       0x18 CMakeFiles/LAB04TIMER.dir/Drivers/STM32F4xx_HAL_Driver/Src/stm32f4xx_hal.c.obj
                0x08001f2c                HAL_GetTick
 .text.SystemInit
                0x08001f44       0x24 CMakeFiles/LAB04TIMER.dir/Core/Src/system_stm32f4xx.c.obj
                0x08001f44                SystemInit
 .text.Reset_Handler
                0x08001f68       0x50 CMakeFiles/LAB04TIMER.dir/startup_stm32f411xe.s.obj
                0x08001f68                Reset_Handler
 .text.Default_Handler
                0x08001fb8        0x2 CMakeFiles/LAB04TIMER.dir/startup_stm32f411xe.s.obj
                0x08001fb8                RTC_Alarm_IRQHandler
                0x08001fb8                EXTI2_IRQHandler
                0x08001fb8                SPI4_IRQHandler
                0x08001fb8                TIM1_CC_IRQHandler
                0x08001fb8                DMA2_Stream5_IRQHandler
                0x08001fb8                DMA1_Stream5_IRQHandler
                0x08001fb8                SDIO_IRQHandler
                0x08001fb8                TAMP_STAMP_IRQHandler
                0x08001fb8                EXTI3_IRQHandler
                0x08001fb8                TIM1_UP_TIM10_IRQHandler
                0x08001fb8                I2C3_ER_IRQHandler
                0x08001fb8                EXTI0_IRQHandler
                0x08001fb8                I2C2_EV_IRQHandler
                0x08001fb8                DMA1_Stream2_IRQHandler
                0x08001fb8                FPU_IRQHandler
                0x08001fb8                DMA2_Stream2_IRQHandler
                0x08001fb8                SPI1_IRQHandler
                0x08001fb8                TIM1_BRK_TIM9_IRQHandler
                0x08001fb8                DMA2_Stream3_IRQHandler
                0x08001fb8                USART6_IRQHandler
                0x08001fb8                DMA2_Stream0_IRQHandler
                0x08001fb8                TIM4_IRQHandler
                0x08001fb8                I2C1_EV_IRQHandler
                0x08001fb8                DMA1_Stream6_IRQHandler
                0x08001fb8                DMA1_Stream1_IRQHandler
                0x08001fb8                TIM3_IRQHandler
                0x08001fb8                RCC_IRQHandler
                0x08001fb8                Default_Handler
                0x08001fb8                EXTI15_10_IRQHandler
                0x08001fb8                ADC_IRQHandler
                0x08001fb8                DMA1_Stream7_IRQHandler
                0x08001fb8                SPI5_IRQHandler
                0x08001fb8                TIM5_IRQHandler
                0x08001fb8                DMA2_Stream7_IRQHandler
                0x08001fb8                I2C3_EV_IRQHandler
                0x08001fb8                EXTI9_5_IRQHandler
                0x08001fb8                RTC_WKUP_IRQHandler
                0x08001fb8                SPI2_IRQHandler
                0x08001fb8                DMA1_Stream0_IRQHandler
                0x08001fb8                EXTI4_IRQHandler
                0x08001fb8                WWDG_IRQHandler
                0x08001fb8                OTG_FS_WKUP_IRQHandler
                0x08001fb8                TIM1_TRG_COM_TIM11_IRQHandler
                0x08001fb8                EXTI1_IRQHandler
                0x08001fb8                USART2_IRQHandler
                0x08001fb8                I2C2_ER_IRQHandler
                0x08001fb8                DMA2_Stream1_IRQHandler
                0x08001fb8                FLASH_IRQHandler
                0x08001fb8                DMA2_Stream4_IRQHandler
                0x08001fb8                USART1_IRQHandler
                0x08001fb8                OTG_FS_IRQHandler
                0x08001fb8                SPI3_IRQHandler
                0x08001fb8                DMA1_Stream4_IRQHandler
                0x08001fb8                I2C1_ER_IRQHandler
                0x08001fb8                DMA2_Stream6_IRQHandler
                0x08001fb8                DMA1_Stream3_IRQHandler
 *(.glue_7)
 .glue_7        0x08001fba        0x0 linker stubs
 *(.glue_7t)
 .glue_7t       0x08001fba        0x0 linker stubs
 *(.eh_frame)
 *fill*         0x08001fba        0x2 
 .eh_frame      0x08001fbc        0x0 C:/ST/STM32CubeCLT_1.16.0/GNU-tools-for-STM32/bin/../lib/gcc/arm-none-eabi/12.3.1/thumb/v7e-m+fp/hard/crtbegin.o
 *(.init)
 .init          0x08001fbc        0x4 C:/ST/STM32CubeCLT_1.16.0/GNU-tools-for-STM32/bin/../lib/gcc/arm-none-eabi/12.3.1/thumb/v7e-m+fp/hard/crti.o
                0x08001fbc                _init
 .init          0x08001fc0        0x8 C:/ST/STM32CubeCLT_1.16.0/GNU-tools-for-STM32/bin/../lib/gcc/arm-none-eabi/12.3.1/thumb/v7e-m+fp/hard/crtn.o
 *(.fini)
 .fini          0x08001fc8        0x4 C:/ST/STM32CubeCLT_1.16.0/GNU-tools-for-STM32/bin/../lib/gcc/arm-none-eabi/12.3.1/thumb/v7e-m+fp/hard/crti.o
                0x08001fc8                _fini
 .fini          0x08001fcc        0x8 C:/ST/STM32CubeCLT_1.16.0/GNU-tools-for-STM32/bin/../lib/gcc/arm-none-eabi/12.3.1/thumb/v7e-m+fp/hard/crtn.o
                0x08001fd4                        . = ALIGN (0x4)
                0x08001fd4                        _etext = .

.vfp11_veneer   0x08001fd4        0x0
 .vfp11_veneer  0x08001fd4        0x0 linker stubs

.v4_bx          0x08001fd4        0x0
 .v4_bx         0x08001fd4        0x0 linker stubs

.iplt           0x08001fd4        0x0
 .iplt          0x08001fd4        0x0 C:/ST/STM32CubeCLT_1.16.0/GNU-tools-for-STM32/bin/../lib/gcc/arm-none-eabi/12.3.1/thumb/v7e-m+fp/hard/crtbegin.o

.rodata         0x08001fd4       0x10
                0x08001fd4                        . = ALIGN (0x4)
 *(.rodata)
 *(.rodata*)
 .rodata.AHBPrescTable
                0x08001fd4       0x10 CMakeFiles/LAB04TIMER.dir/Core/Src/system_stm32f4xx.c.obj
                0x08001fd4                AHBPrescTable
                0x08001fe4                        . = ALIGN (0x4)

.ARM.extab
 *(.ARM.extab* .gnu.linkonce.armextab.*)

.ARM            0x08001fe4        0x8
                0x08001fe4                        __exidx_start = .
 *(.ARM.exidx*)
 .ARM.exidx     0x08001fe4        0x8 C:/ST/STM32CubeCLT_1.16.0/GNU-tools-for-STM32/bin/../lib/gcc/arm-none-eabi/12.3.1/thumb/v7e-m+fp/hard\libgcc.a(_udivmoddi4.o)
                0x08001fec                        __exidx_end = .

.rel.dyn        0x08001fec        0x0
 .rel.iplt      0x08001fec        0x0 C:/ST/STM32CubeCLT_1.16.0/GNU-tools-for-STM32/bin/../lib/gcc/arm-none-eabi/12.3.1/thumb/v7e-m+fp/hard/crtbegin.o

.preinit_array  0x08001fec        0x0
                0x08001fec                        PROVIDE (__preinit_array_start = .)
 *(.preinit_array*)
                0x08001fec                        PROVIDE (__preinit_array_end = .)

.init_array     0x08001fec        0x4
                0x08001fec                        PROVIDE (__init_array_start = .)
 *(SORT_BY_NAME(.init_array.*))
 *(.init_array*)
 .init_array    0x08001fec        0x4 C:/ST/STM32CubeCLT_1.16.0/GNU-tools-for-STM32/bin/../lib/gcc/arm-none-eabi/12.3.1/thumb/v7e-m+fp/hard/crtbegin.o
                0x08001ff0                        PROVIDE (__init_array_end = .)

.fini_array     0x08001ff0        0x4
                [!provide]                        PROVIDE (__fini_array_start = .)
 *(SORT_BY_NAME(.fini_array.*))
 *(.fini_array*)
 .fini_array    0x08001ff0        0x4 C:/ST/STM32CubeCLT_1.16.0/GNU-tools-for-STM32/bin/../lib/gcc/arm-none-eabi/12.3.1/thumb/v7e-m+fp/hard/crtbegin.o
                [!provide]                        PROVIDE (__fini_array_end = .)
                0x08001ff4                        _sidata = LOADADDR (.data)

.data           0x20000000        0xc load address 0x08001ff4
                0x20000000                        . = ALIGN (0x4)
                0x20000000                        _sdata = .
 *(.data)
 *(.data*)
 .data.uwTickPrio
                0x20000000        0x4 CMakeFiles/LAB04TIMER.dir/Drivers/STM32F4xx_HAL_Driver/Src/stm32f4xx_hal.c.obj
                0x20000000                uwTickPrio
 .data.uwTickFreq
                0x20000004        0x1 CMakeFiles/LAB04TIMER.dir/Drivers/STM32F4xx_HAL_Driver/Src/stm32f4xx_hal.c.obj
                0x20000004                uwTickFreq
 *fill*         0x20000005        0x3 
 .data.SystemCoreClock
                0x20000008        0x4 CMakeFiles/LAB04TIMER.dir/Core/Src/system_stm32f4xx.c.obj
                0x20000008                SystemCoreClock
                0x2000000c                        . = ALIGN (0x4)
                0x2000000c                        _edata = .

.igot.plt       0x2000000c        0x0 load address 0x08002000
 .igot.plt      0x2000000c        0x0 C:/ST/STM32CubeCLT_1.16.0/GNU-tools-for-STM32/bin/../lib/gcc/arm-none-eabi/12.3.1/thumb/v7e-m+fp/hard/crtbegin.o
                0x2000000c                        . = ALIGN (0x4)

.bss            0x2000000c       0x68 load address 0x08002000
                0x2000000c                        _sbss = .
                0x2000000c                        __bss_start__ = _sbss
 *(.bss)
 .bss           0x2000000c       0x1c C:/ST/STM32CubeCLT_1.16.0/GNU-tools-for-STM32/bin/../lib/gcc/arm-none-eabi/12.3.1/thumb/v7e-m+fp/hard/crtbegin.o
 *(.bss*)
 .bss.htim2     0x20000028       0x48 CMakeFiles/LAB04TIMER.dir/Core/Src/main.c.obj
                0x20000028                htim2
 .bss.uwTick    0x20000070        0x4 CMakeFiles/LAB04TIMER.dir/Drivers/STM32F4xx_HAL_Driver/Src/stm32f4xx_hal.c.obj
                0x20000070                uwTick
 *(COMMON)
                0x20000074                        . = ALIGN (0x4)
                0x20000074                        _ebss = .
                0x20000074                        __bss_end__ = _ebss

._user_heap_stack
                0x20000074      0x604 load address 0x08002000
                0x20000078                        . = ALIGN (0x8)
 *fill*         0x20000074        0x4 
                [!provide]                        PROVIDE (end = .)
                0x20000078                        PROVIDE (_end = .)
                0x20000278                        . = (. + _Min_Heap_Size)
 *fill*         0x20000078      0x200 
                0x20000678                        . = (. + _Min_Stack_Size)
 *fill*         0x20000278      0x400 
                0x20000678                        . = ALIGN (0x8)

/DISCARD/
 libc.a(*)
 libm.a(*)
 libgcc.a(*)

.ARM.attributes
                0x00000000       0x30
 *(.ARM.attributes)
 .ARM.attributes
                0x00000000       0x22 C:/ST/STM32CubeCLT_1.16.0/GNU-tools-for-STM32/bin/../lib/gcc/arm-none-eabi/12.3.1/thumb/v7e-m+fp/hard/crti.o
 .ARM.attributes
                0x00000022       0x34 C:/ST/STM32CubeCLT_1.16.0/GNU-tools-for-STM32/bin/../lib/gcc/arm-none-eabi/12.3.1/thumb/v7e-m+fp/hard/crtbegin.o
 .ARM.attributes
                0x00000056       0x34 C:/ST/STM32CubeCLT_1.16.0/GNU-tools-for-STM32/bin/../lib/gcc/arm-none-eabi/12.3.1/../../../../arm-none-eabi/lib/thumb/v7e-m+fp/hard\libc_nano.a(libc_a-memset.o)
 .ARM.attributes
                0x0000008a       0x34 C:/ST/STM32CubeCLT_1.16.0/GNU-tools-for-STM32/bin/../lib/gcc/arm-none-eabi/12.3.1/../../../../arm-none-eabi/lib/thumb/v7e-m+fp/hard\libc_nano.a(libc_a-init.o)
 .ARM.attributes
                0x000000be       0x34 CMakeFiles/LAB04TIMER.dir/Core/Src/main.c.obj
 .ARM.attributes
                0x000000f2       0x34 CMakeFiles/LAB04TIMER.dir/Core/Src/stm32f4xx_it.c.obj
 .ARM.attributes
                0x00000126       0x34 CMakeFiles/LAB04TIMER.dir/Core/Src/stm32f4xx_hal_msp.c.obj
 .ARM.attributes
                0x0000015a       0x34 CMakeFiles/LAB04TIMER.dir/Drivers/STM32F4xx_HAL_Driver/Src/stm32f4xx_hal_tim.c.obj
 .ARM.attributes
                0x0000018e       0x34 CMakeFiles/LAB04TIMER.dir/Drivers/STM32F4xx_HAL_Driver/Src/stm32f4xx_hal_tim_ex.c.obj
 .ARM.attributes
                0x000001c2       0x34 CMakeFiles/LAB04TIMER.dir/Drivers/STM32F4xx_HAL_Driver/Src/stm32f4xx_hal_rcc.c.obj
 .ARM.attributes
                0x000001f6       0x34 CMakeFiles/LAB04TIMER.dir/Drivers/STM32F4xx_HAL_Driver/Src/stm32f4xx_hal_gpio.c.obj
 .ARM.attributes
                0x0000022a       0x34 CMakeFiles/LAB04TIMER.dir/Drivers/STM32F4xx_HAL_Driver/Src/stm32f4xx_hal_pwr.c.obj
 .ARM.attributes
                0x0000025e       0x34 CMakeFiles/LAB04TIMER.dir/Drivers/STM32F4xx_HAL_Driver/Src/stm32f4xx_hal_cortex.c.obj
 .ARM.attributes
                0x00000292       0x34 CMakeFiles/LAB04TIMER.dir/Drivers/STM32F4xx_HAL_Driver/Src/stm32f4xx_hal.c.obj
 .ARM.attributes
                0x000002c6       0x34 CMakeFiles/LAB04TIMER.dir/Core/Src/system_stm32f4xx.c.obj
 .ARM.attributes
                0x000002fa       0x21 CMakeFiles/LAB04TIMER.dir/startup_stm32f411xe.s.obj
 .ARM.attributes
                0x0000031b       0x22 C:/ST/STM32CubeCLT_1.16.0/GNU-tools-for-STM32/bin/../lib/gcc/arm-none-eabi/12.3.1/thumb/v7e-m+fp/hard\libgcc.a(_aeabi_uldivmod.o)
 .ARM.attributes
                0x0000033d       0x34 C:/ST/STM32CubeCLT_1.16.0/GNU-tools-for-STM32/bin/../lib/gcc/arm-none-eabi/12.3.1/thumb/v7e-m+fp/hard\libgcc.a(_udivmoddi4.o)
 .ARM.attributes
                0x00000371       0x22 C:/ST/STM32CubeCLT_1.16.0/GNU-tools-for-STM32/bin/../lib/gcc/arm-none-eabi/12.3.1/thumb/v7e-m+fp/hard\libgcc.a(_dvmd_tls.o)
 .ARM.attributes
                0x00000393       0x22 C:/ST/STM32CubeCLT_1.16.0/GNU-tools-for-STM32/bin/../lib/gcc/arm-none-eabi/12.3.1/thumb/v7e-m+fp/hard/crtn.o
OUTPUT(LAB04TIMER.elf elf32-littlearm)
LOAD linker stubs
LOAD C:/ST/STM32CubeCLT_1.16.0/GNU-tools-for-STM32/bin/../lib/gcc/arm-none-eabi/12.3.1/../../../../arm-none-eabi/lib/thumb/v7e-m+fp/hard\libc.a
LOAD C:/ST/STM32CubeCLT_1.16.0/GNU-tools-for-STM32/bin/../lib/gcc/arm-none-eabi/12.3.1/../../../../arm-none-eabi/lib/thumb/v7e-m+fp/hard\libm.a
LOAD C:/ST/STM32CubeCLT_1.16.0/GNU-tools-for-STM32/bin/../lib/gcc/arm-none-eabi/12.3.1/thumb/v7e-m+fp/hard\libgcc.a

.debug_frame    0x00000000     0x297c
 .debug_frame   0x00000000       0x20 C:/ST/STM32CubeCLT_1.16.0/GNU-tools-for-STM32/bin/../lib/gcc/arm-none-eabi/12.3.1/../../../../arm-none-eabi/lib/thumb/v7e-m+fp/hard\libc_nano.a(libc_a-memset.o)
 .debug_frame   0x00000020       0x2c C:/ST/STM32CubeCLT_1.16.0/GNU-tools-for-STM32/bin/../lib/gcc/arm-none-eabi/12.3.1/../../../../arm-none-eabi/lib/thumb/v7e-m+fp/hard\libc_nano.a(libc_a-init.o)
 .debug_frame   0x0000004c       0xb0 CMakeFiles/LAB04TIMER.dir/Core/Src/main.c.obj
 .debug_frame   0x000000fc      0x13c CMakeFiles/LAB04TIMER.dir/Core/Src/stm32f4xx_it.c.obj
 .debug_frame   0x00000238       0x7c CMakeFiles/LAB04TIMER.dir/Core/Src/stm32f4xx_hal_msp.c.obj
 .debug_frame   0x000002b4     0x11b8 CMakeFiles/LAB04TIMER.dir/Drivers/STM32F4xx_HAL_Driver/Src/stm32f4xx_hal_tim.c.obj
 .debug_frame   0x0000146c      0x638 CMakeFiles/LAB04TIMER.dir/Drivers/STM32F4xx_HAL_Driver/Src/stm32f4xx_hal_tim_ex.c.obj
 .debug_frame   0x00001aa4      0x1f4 CMakeFiles/LAB04TIMER.dir/Drivers/STM32F4xx_HAL_Driver/Src/stm32f4xx_hal_rcc.c.obj
 .debug_frame   0x00001c98      0x14c CMakeFiles/LAB04TIMER.dir/Drivers/STM32F4xx_HAL_Driver/Src/stm32f4xx_hal_gpio.c.obj
 .debug_frame   0x00001de4      0x264 CMakeFiles/LAB04TIMER.dir/Drivers/STM32F4xx_HAL_Driver/Src/stm32f4xx_hal_pwr.c.obj
 .debug_frame   0x00002048      0x508 CMakeFiles/LAB04TIMER.dir/Drivers/STM32F4xx_HAL_Driver/Src/stm32f4xx_hal_cortex.c.obj
 .debug_frame   0x00002550      0x374 CMakeFiles/LAB04TIMER.dir/Drivers/STM32F4xx_HAL_Driver/Src/stm32f4xx_hal.c.obj
 .debug_frame   0x000028c4       0x58 CMakeFiles/LAB04TIMER.dir/Core/Src/system_stm32f4xx.c.obj
 .debug_frame   0x0000291c       0x2c C:/ST/STM32CubeCLT_1.16.0/GNU-tools-for-STM32/bin/../lib/gcc/arm-none-eabi/12.3.1/thumb/v7e-m+fp/hard\libgcc.a(_aeabi_uldivmod.o)
 .debug_frame   0x00002948       0x34 C:/ST/STM32CubeCLT_1.16.0/GNU-tools-for-STM32/bin/../lib/gcc/arm-none-eabi/12.3.1/thumb/v7e-m+fp/hard\libgcc.a(_udivmoddi4.o)

.debug_info     0x00000000     0x9087
 .debug_info    0x00000000      0xd9c CMakeFiles/LAB04TIMER.dir/Core/Src/main.c.obj
 .debug_info    0x00000d9c      0x7ca CMakeFiles/LAB04TIMER.dir/Core/Src/stm32f4xx_it.c.obj
 .debug_info    0x00001566      0xa85 CMakeFiles/LAB04TIMER.dir/Core/Src/stm32f4xx_hal_msp.c.obj
 .debug_info    0x00001feb     0x2996 CMakeFiles/LAB04TIMER.dir/Drivers/STM32F4xx_HAL_Driver/Src/stm32f4xx_hal_tim.c.obj
 .debug_info    0x00004981     0x14d4 CMakeFiles/LAB04TIMER.dir/Drivers/STM32F4xx_HAL_Driver/Src/stm32f4xx_hal_tim_ex.c.obj
 .debug_info    0x00005e55      0x8f0 CMakeFiles/LAB04TIMER.dir/Drivers/STM32F4xx_HAL_Driver/Src/stm32f4xx_hal_rcc.c.obj
 .debug_info    0x00006745      0x6f9 CMakeFiles/LAB04TIMER.dir/Drivers/STM32F4xx_HAL_Driver/Src/stm32f4xx_hal_gpio.c.obj
 .debug_info    0x00006e3e      0x71b CMakeFiles/LAB04TIMER.dir/Drivers/STM32F4xx_HAL_Driver/Src/stm32f4xx_hal_pwr.c.obj
 .debug_info    0x00007559      0xcfc CMakeFiles/LAB04TIMER.dir/Drivers/STM32F4xx_HAL_Driver/Src/stm32f4xx_hal_cortex.c.obj
 .debug_info    0x00008255      0x8c4 CMakeFiles/LAB04TIMER.dir/Drivers/STM32F4xx_HAL_Driver/Src/stm32f4xx_hal.c.obj
 .debug_info    0x00008b19      0x53e CMakeFiles/LAB04TIMER.dir/Core/Src/system_stm32f4xx.c.obj
 .debug_info    0x00009057       0x30 CMakeFiles/LAB04TIMER.dir/startup_stm32f411xe.s.obj

.debug_abbrev   0x00000000     0x17cf
 .debug_abbrev  0x00000000      0x243 CMakeFiles/LAB04TIMER.dir/Core/Src/main.c.obj
 .debug_abbrev  0x00000243      0x1cd CMakeFiles/LAB04TIMER.dir/Core/Src/stm32f4xx_it.c.obj
 .debug_abbrev  0x00000410      0x1c1 CMakeFiles/LAB04TIMER.dir/Core/Src/stm32f4xx_hal_msp.c.obj
 .debug_abbrev  0x000005d1      0x28b CMakeFiles/LAB04TIMER.dir/Drivers/STM32F4xx_HAL_Driver/Src/stm32f4xx_hal_tim.c.obj
 .debug_abbrev  0x0000085c      0x296 CMakeFiles/LAB04TIMER.dir/Drivers/STM32F4xx_HAL_Driver/Src/stm32f4xx_hal_tim_ex.c.obj
 .debug_abbrev  0x00000af2      0x2b6 CMakeFiles/LAB04TIMER.dir/Drivers/STM32F4xx_HAL_Driver/Src/stm32f4xx_hal_rcc.c.obj
 .debug_abbrev  0x00000da8      0x1d3 CMakeFiles/LAB04TIMER.dir/Drivers/STM32F4xx_HAL_Driver/Src/stm32f4xx_hal_gpio.c.obj
 .debug_abbrev  0x00000f7b      0x1ae CMakeFiles/LAB04TIMER.dir/Drivers/STM32F4xx_HAL_Driver/Src/stm32f4xx_hal_pwr.c.obj
 .debug_abbrev  0x00001129      0x31d CMakeFiles/LAB04TIMER.dir/Drivers/STM32F4xx_HAL_Driver/Src/stm32f4xx_hal_cortex.c.obj
 .debug_abbrev  0x00001446      0x24b CMakeFiles/LAB04TIMER.dir/Drivers/STM32F4xx_HAL_Driver/Src/stm32f4xx_hal.c.obj
 .debug_abbrev  0x00001691      0x11a CMakeFiles/LAB04TIMER.dir/Core/Src/system_stm32f4xx.c.obj
 .debug_abbrev  0x000017ab       0x24 CMakeFiles/LAB04TIMER.dir/startup_stm32f411xe.s.obj

.debug_aranges  0x00000000      0xa08
 .debug_aranges
                0x00000000       0x40 CMakeFiles/LAB04TIMER.dir/Core/Src/main.c.obj
 .debug_aranges
                0x00000040       0x70 CMakeFiles/LAB04TIMER.dir/Core/Src/stm32f4xx_it.c.obj
 .debug_aranges
                0x000000b0       0x30 CMakeFiles/LAB04TIMER.dir/Core/Src/stm32f4xx_hal_msp.c.obj
 .debug_aranges
                0x000000e0      0x3d0 CMakeFiles/LAB04TIMER.dir/Drivers/STM32F4xx_HAL_Driver/Src/stm32f4xx_hal_tim.c.obj
 .debug_aranges
                0x000004b0      0x168 CMakeFiles/LAB04TIMER.dir/Drivers/STM32F4xx_HAL_Driver/Src/stm32f4xx_hal_tim_ex.c.obj
 .debug_aranges
                0x00000618       0x88 CMakeFiles/LAB04TIMER.dir/Drivers/STM32F4xx_HAL_Driver/Src/stm32f4xx_hal_rcc.c.obj
 .debug_aranges
                0x000006a0       0x58 CMakeFiles/LAB04TIMER.dir/Drivers/STM32F4xx_HAL_Driver/Src/stm32f4xx_hal_gpio.c.obj
 .debug_aranges
                0x000006f8       0xa0 CMakeFiles/LAB04TIMER.dir/Drivers/STM32F4xx_HAL_Driver/Src/stm32f4xx_hal_pwr.c.obj
 .debug_aranges
                0x00000798      0x130 CMakeFiles/LAB04TIMER.dir/Drivers/STM32F4xx_HAL_Driver/Src/stm32f4xx_hal_cortex.c.obj
 .debug_aranges
                0x000008c8       0xf0 CMakeFiles/LAB04TIMER.dir/Drivers/STM32F4xx_HAL_Driver/Src/stm32f4xx_hal.c.obj
 .debug_aranges
                0x000009b8       0x28 CMakeFiles/LAB04TIMER.dir/Core/Src/system_stm32f4xx.c.obj
 .debug_aranges
                0x000009e0       0x28 CMakeFiles/LAB04TIMER.dir/startup_stm32f411xe.s.obj

.debug_rnglists
                0x00000000      0x7b6
 .debug_rnglists
                0x00000000       0x2e CMakeFiles/LAB04TIMER.dir/Core/Src/main.c.obj
 .debug_rnglists
                0x0000002e       0x4f CMakeFiles/LAB04TIMER.dir/Core/Src/stm32f4xx_it.c.obj
 .debug_rnglists
                0x0000007d       0x1f CMakeFiles/LAB04TIMER.dir/Core/Src/stm32f4xx_hal_msp.c.obj
 .debug_rnglists
                0x0000009c      0x31a CMakeFiles/LAB04TIMER.dir/Drivers/STM32F4xx_HAL_Driver/Src/stm32f4xx_hal_tim.c.obj
 .debug_rnglists
                0x000003b6      0x125 CMakeFiles/LAB04TIMER.dir/Drivers/STM32F4xx_HAL_Driver/Src/stm32f4xx_hal_tim_ex.c.obj
 .debug_rnglists
                0x000004db       0x66 CMakeFiles/LAB04TIMER.dir/Drivers/STM32F4xx_HAL_Driver/Src/stm32f4xx_hal_rcc.c.obj
 .debug_rnglists
                0x00000541       0x3f CMakeFiles/LAB04TIMER.dir/Drivers/STM32F4xx_HAL_Driver/Src/stm32f4xx_hal_gpio.c.obj
 .debug_rnglists
                0x00000580       0x74 CMakeFiles/LAB04TIMER.dir/Drivers/STM32F4xx_HAL_Driver/Src/stm32f4xx_hal_pwr.c.obj
 .debug_rnglists
                0x000005f4       0xe0 CMakeFiles/LAB04TIMER.dir/Drivers/STM32F4xx_HAL_Driver/Src/stm32f4xx_hal_cortex.c.obj
 .debug_rnglists
                0x000006d4       0xaf CMakeFiles/LAB04TIMER.dir/Drivers/STM32F4xx_HAL_Driver/Src/stm32f4xx_hal.c.obj
 .debug_rnglists
                0x00000783       0x1a CMakeFiles/LAB04TIMER.dir/Core/Src/system_stm32f4xx.c.obj
 .debug_rnglists
                0x0000079d       0x19 CMakeFiles/LAB04TIMER.dir/startup_stm32f411xe.s.obj

.debug_macro    0x00000000    0x152de
 .debug_macro   0x00000000      0x1d3 CMakeFiles/LAB04TIMER.dir/Core/Src/main.c.obj
 .debug_macro   0x000001d3      0xab4 CMakeFiles/LAB04TIMER.dir/Core/Src/main.c.obj
 .debug_macro   0x00000c87      0x295 CMakeFiles/LAB04TIMER.dir/Core/Src/main.c.obj
 .debug_macro   0x00000f1c       0x2e CMakeFiles/LAB04TIMER.dir/Core/Src/main.c.obj
 .debug_macro   0x00000f4a       0x28 CMakeFiles/LAB04TIMER.dir/Core/Src/main.c.obj
 .debug_macro   0x00000f72       0x22 CMakeFiles/LAB04TIMER.dir/Core/Src/main.c.obj
 .debug_macro   0x00000f94       0x8e CMakeFiles/LAB04TIMER.dir/Core/Src/main.c.obj
 .debug_macro   0x00001022       0x51 CMakeFiles/LAB04TIMER.dir/Core/Src/main.c.obj
 .debug_macro   0x00001073      0x103 CMakeFiles/LAB04TIMER.dir/Core/Src/main.c.obj
 .debug_macro   0x00001176       0x6a CMakeFiles/LAB04TIMER.dir/Core/Src/main.c.obj
 .debug_macro   0x000011e0      0x1df CMakeFiles/LAB04TIMER.dir/Core/Src/main.c.obj
 .debug_macro   0x000013bf       0x1c CMakeFiles/LAB04TIMER.dir/Core/Src/main.c.obj
 .debug_macro   0x000013db       0x22 CMakeFiles/LAB04TIMER.dir/Core/Src/main.c.obj
 .debug_macro   0x000013fd       0xfb CMakeFiles/LAB04TIMER.dir/Core/Src/main.c.obj
 .debug_macro   0x000014f8     0x1011 CMakeFiles/LAB04TIMER.dir/Core/Src/main.c.obj
 .debug_macro   0x00002509      0x11f CMakeFiles/LAB04TIMER.dir/Core/Src/main.c.obj
 .debug_macro   0x00002628     0xb953 CMakeFiles/LAB04TIMER.dir/Core/Src/main.c.obj
 .debug_macro   0x0000df7b       0x6d CMakeFiles/LAB04TIMER.dir/Core/Src/main.c.obj
 .debug_macro   0x0000dfe8     0x369a CMakeFiles/LAB04TIMER.dir/Core/Src/main.c.obj
 .debug_macro   0x00011682      0x189 CMakeFiles/LAB04TIMER.dir/Core/Src/main.c.obj
 .debug_macro   0x0001180b       0x5c CMakeFiles/LAB04TIMER.dir/Core/Src/main.c.obj
 .debug_macro   0x00011867      0x45c CMakeFiles/LAB04TIMER.dir/Core/Src/main.c.obj
 .debug_macro   0x00011cc3      0x9e9 CMakeFiles/LAB04TIMER.dir/Core/Src/main.c.obj
 .debug_macro   0x000126ac      0x115 CMakeFiles/LAB04TIMER.dir/Core/Src/main.c.obj
 .debug_macro   0x000127c1      0x11b CMakeFiles/LAB04TIMER.dir/Core/Src/main.c.obj
 .debug_macro   0x000128dc       0xa5 CMakeFiles/LAB04TIMER.dir/Core/Src/main.c.obj
 .debug_macro   0x00012981      0x15f CMakeFiles/LAB04TIMER.dir/Core/Src/main.c.obj
 .debug_macro   0x00012ae0      0x287 CMakeFiles/LAB04TIMER.dir/Core/Src/main.c.obj
 .debug_macro   0x00012d67       0x5f CMakeFiles/LAB04TIMER.dir/Core/Src/main.c.obj
 .debug_macro   0x00012dc6      0x236 CMakeFiles/LAB04TIMER.dir/Core/Src/main.c.obj
 .debug_macro   0x00012ffc      0x132 CMakeFiles/LAB04TIMER.dir/Core/Src/main.c.obj
 .debug_macro   0x0001312e      0x264 CMakeFiles/LAB04TIMER.dir/Core/Src/main.c.obj
 .debug_macro   0x00013392       0x2e CMakeFiles/LAB04TIMER.dir/Core/Src/main.c.obj
 .debug_macro   0x000133c0      0x127 CMakeFiles/LAB04TIMER.dir/Core/Src/main.c.obj
 .debug_macro   0x000134e7       0x85 CMakeFiles/LAB04TIMER.dir/Core/Src/main.c.obj
 .debug_macro   0x0001356c       0x89 CMakeFiles/LAB04TIMER.dir/Core/Src/main.c.obj
 .debug_macro   0x000135f5      0x8ed CMakeFiles/LAB04TIMER.dir/Core/Src/main.c.obj
 .debug_macro   0x00013ee2       0x47 CMakeFiles/LAB04TIMER.dir/Core/Src/main.c.obj
 .debug_macro   0x00013f29      0x126 CMakeFiles/LAB04TIMER.dir/Core/Src/main.c.obj
 .debug_macro   0x0001404f       0x1c CMakeFiles/LAB04TIMER.dir/Core/Src/main.c.obj
 .debug_macro   0x0001406b      0x1dd CMakeFiles/LAB04TIMER.dir/Core/Src/stm32f4xx_it.c.obj
 .debug_macro   0x00014248      0x1d3 CMakeFiles/LAB04TIMER.dir/Core/Src/stm32f4xx_hal_msp.c.obj
 .debug_macro   0x0001441b      0x1c5 CMakeFiles/LAB04TIMER.dir/Drivers/STM32F4xx_HAL_Driver/Src/stm32f4xx_hal_tim.c.obj
 .debug_macro   0x000145e0      0x1c4 CMakeFiles/LAB04TIMER.dir/Drivers/STM32F4xx_HAL_Driver/Src/stm32f4xx_hal_tim_ex.c.obj
 .debug_macro   0x000147a4      0x1e8 CMakeFiles/LAB04TIMER.dir/Drivers/STM32F4xx_HAL_Driver/Src/stm32f4xx_hal_rcc.c.obj
 .debug_macro   0x0001498c      0x1ca CMakeFiles/LAB04TIMER.dir/Drivers/STM32F4xx_HAL_Driver/Src/stm32f4xx_hal_gpio.c.obj
 .debug_macro   0x00014b56      0x1dc CMakeFiles/LAB04TIMER.dir/Drivers/STM32F4xx_HAL_Driver/Src/stm32f4xx_hal_pwr.c.obj
 .debug_macro   0x00014d32      0x1c4 CMakeFiles/LAB04TIMER.dir/Drivers/STM32F4xx_HAL_Driver/Src/stm32f4xx_hal_cortex.c.obj
 .debug_macro   0x00014ef6      0x224 CMakeFiles/LAB04TIMER.dir/Drivers/STM32F4xx_HAL_Driver/Src/stm32f4xx_hal.c.obj
 .debug_macro   0x0001511a      0x1c4 CMakeFiles/LAB04TIMER.dir/Core/Src/system_stm32f4xx.c.obj

.debug_line     0x00000000     0xb30a
 .debug_line    0x00000000      0x915 CMakeFiles/LAB04TIMER.dir/Core/Src/main.c.obj
 .debug_line    0x00000915      0x918 CMakeFiles/LAB04TIMER.dir/Core/Src/stm32f4xx_it.c.obj
 .debug_line    0x0000122d      0x860 CMakeFiles/LAB04TIMER.dir/Core/Src/stm32f4xx_hal_msp.c.obj
 .debug_line    0x00001a8d     0x368e CMakeFiles/LAB04TIMER.dir/Drivers/STM32F4xx_HAL_Driver/Src/stm32f4xx_hal_tim.c.obj
 .debug_line    0x0000511b     0x1aa1 CMakeFiles/LAB04TIMER.dir/Drivers/STM32F4xx_HAL_Driver/Src/stm32f4xx_hal_tim_ex.c.obj
 .debug_line    0x00006bbc      0xe99 CMakeFiles/LAB04TIMER.dir/Drivers/STM32F4xx_HAL_Driver/Src/stm32f4xx_hal_rcc.c.obj
 .debug_line    0x00007a55      0xc60 CMakeFiles/LAB04TIMER.dir/Drivers/STM32F4xx_HAL_Driver/Src/stm32f4xx_hal_gpio.c.obj
 .debug_line    0x000086b5      0xa22 CMakeFiles/LAB04TIMER.dir/Drivers/STM32F4xx_HAL_Driver/Src/stm32f4xx_hal_pwr.c.obj
 .debug_line    0x000090d7      0xe02 CMakeFiles/LAB04TIMER.dir/Drivers/STM32F4xx_HAL_Driver/Src/stm32f4xx_hal_cortex.c.obj
 .debug_line    0x00009ed9      0xb10 CMakeFiles/LAB04TIMER.dir/Drivers/STM32F4xx_HAL_Driver/Src/stm32f4xx_hal.c.obj
 .debug_line    0x0000a9e9      0x8a7 CMakeFiles/LAB04TIMER.dir/Core/Src/system_stm32f4xx.c.obj
 .debug_line    0x0000b290       0x7a CMakeFiles/LAB04TIMER.dir/startup_stm32f411xe.s.obj

.debug_str      0x00000000    0x884a5
 .debug_str     0x00000000    0x858ae CMakeFiles/LAB04TIMER.dir/Core/Src/main.c.obj
                              0x85bd9 (size before relaxing)
 .debug_str     0x000858ae      0x16e CMakeFiles/LAB04TIMER.dir/Core/Src/stm32f4xx_it.c.obj
                              0x8587a (size before relaxing)
 .debug_str     0x00085a1c      0x48c CMakeFiles/LAB04TIMER.dir/Core/Src/stm32f4xx_hal_msp.c.obj
                              0x85c5c (size before relaxing)
 .debug_str     0x00085ea8      0xe71 CMakeFiles/LAB04TIMER.dir/Drivers/STM32F4xx_HAL_Driver/Src/stm32f4xx_hal_tim.c.obj
                              0x866f6 (size before relaxing)
 .debug_str     0x00086d19      0x4eb CMakeFiles/LAB04TIMER.dir/Drivers/STM32F4xx_HAL_Driver/Src/stm32f4xx_hal_tim_ex.c.obj
                              0x85f02 (size before relaxing)
 .debug_str     0x00087204      0x319 CMakeFiles/LAB04TIMER.dir/Drivers/STM32F4xx_HAL_Driver/Src/stm32f4xx_hal_rcc.c.obj
                              0x857b2 (size before relaxing)
 .debug_str     0x0008751d      0x176 CMakeFiles/LAB04TIMER.dir/Drivers/STM32F4xx_HAL_Driver/Src/stm32f4xx_hal_gpio.c.obj
                              0x854f9 (size before relaxing)
 .debug_str     0x00087693      0x2fd CMakeFiles/LAB04TIMER.dir/Drivers/STM32F4xx_HAL_Driver/Src/stm32f4xx_hal_pwr.c.obj
                              0x855b4 (size before relaxing)
 .debug_str     0x00087990      0x410 CMakeFiles/LAB04TIMER.dir/Drivers/STM32F4xx_HAL_Driver/Src/stm32f4xx_hal_cortex.c.obj
                              0x85b14 (size before relaxing)
 .debug_str     0x00087da0      0x5d6 CMakeFiles/LAB04TIMER.dir/Drivers/STM32F4xx_HAL_Driver/Src/stm32f4xx_hal.c.obj
                              0x85daa (size before relaxing)
 .debug_str     0x00088376       0xa2 CMakeFiles/LAB04TIMER.dir/Core/Src/system_stm32f4xx.c.obj
                              0x8537e (size before relaxing)
 .debug_str     0x00088418       0x8d CMakeFiles/LAB04TIMER.dir/startup_stm32f411xe.s.obj
                                 0xf4 (size before relaxing)

.comment        0x00000000       0x43
 .comment       0x00000000       0x43 CMakeFiles/LAB04TIMER.dir/Core/Src/main.c.obj
                                 0x44 (size before relaxing)
 .comment       0x00000043       0x44 CMakeFiles/LAB04TIMER.dir/Core/Src/stm32f4xx_it.c.obj
 .comment       0x00000043       0x44 CMakeFiles/LAB04TIMER.dir/Core/Src/stm32f4xx_hal_msp.c.obj
 .comment       0x00000043       0x44 CMakeFiles/LAB04TIMER.dir/Drivers/STM32F4xx_HAL_Driver/Src/stm32f4xx_hal_tim.c.obj
 .comment       0x00000043       0x44 CMakeFiles/LAB04TIMER.dir/Drivers/STM32F4xx_HAL_Driver/Src/stm32f4xx_hal_tim_ex.c.obj
 .comment       0x00000043       0x44 CMakeFiles/LAB04TIMER.dir/Drivers/STM32F4xx_HAL_Driver/Src/stm32f4xx_hal_rcc.c.obj
 .comment       0x00000043       0x44 CMakeFiles/LAB04TIMER.dir/Drivers/STM32F4xx_HAL_Driver/Src/stm32f4xx_hal_gpio.c.obj
 .comment       0x00000043       0x44 CMakeFiles/LAB04TIMER.dir/Drivers/STM32F4xx_HAL_Driver/Src/stm32f4xx_hal_pwr.c.obj
 .comment       0x00000043       0x44 CMakeFiles/LAB04TIMER.dir/Drivers/STM32F4xx_HAL_Driver/Src/stm32f4xx_hal_cortex.c.obj
 .comment       0x00000043       0x44 CMakeFiles/LAB04TIMER.dir/Drivers/STM32F4xx_HAL_Driver/Src/stm32f4xx_hal.c.obj
 .comment       0x00000043       0x44 CMakeFiles/LAB04TIMER.dir/Core/Src/system_stm32f4xx.c.obj

.debug_line_str
                0x00000000       0xd8
 .debug_line_str
                0x00000000       0xd8 CMakeFiles/LAB04TIMER.dir/startup_stm32f411xe.s.obj
